// Jest Snapshot v1, https://goo.gl/fbAQLP

exports[`<Root /> should render correctly 1`] = `
<styled.div>
  <HelmetWrapper
    defaultTitle="JEST"
    defer={true}
    encodeSpecialCharacters={true}
    titleTemplate="%s - JEST"
  >
    <html
      lang="en"
    />
  </HelmetWrapper>
  <Navbar
    title="bar"
  />
  <SwitchWrapper>
    <Route
      component={[Function]}
      key="/settings"
      path="/settings"
    />
    <Route
      component={[Function]}
      key="/"
      path="/"
    />
  </SwitchWrapper>
</styled.div>
`;
