// Jest Snapshot v1, https://goo.gl/fbAQLP

exports[`<App /> should render correctly 1`] = `
<div>
  <HelmetWrapper
    defaultTitle="JEST"
    defer={true}
    encodeSpecialCharacters={true}
    titleTemplate="%s - JEST"
  >
    <html
      lang="en"
    />
  </HelmetWrapper>
  <Main
    currentValue="bar"
    handleButtonClick={[MockFunction]}
  />
</div>
`;
