// Jest Snapshot v1, https://goo.gl/fbAQLP

exports[`<Homepage /> should render correctly 1`] = `
<div>
  <HelmetWrapper
    defer={true}
    encodeSpecialCharacters={true}
    title="Homepage"
  />
  <h1>
    Homepage
  </h1>
  <Button
    onClick={[MockFunction]}
  >
    Change foo from Homepage
  </Button>
</div>
`;
