// Jest Snapshot v1, https://goo.gl/fbAQLP

exports[`<NavbarSection /> should render correctly 1`] = `
.c0 {
  display: -webkit-inline-box;
  display: -webkit-inline-flex;
  display: -ms-inline-flexbox;
  display: inline-flex;
  -webkit-align-items: baseline;
  -webkit-box-align: baseline;
  -ms-flex-align: baseline;
  align-items: baseline;
  font-size: 1em;
}

.c0 > *:not(:last-child) {
  margin-right: .5rem;
}

<div
  className="c0"
/>
`;
